../Core/Src/main.c:200:5:main	32	static
../Core/Src/main.c:399:6:SystemClock_Config	88	static
../Core/Src/main.c:443:13:MX_ADC1_Init	24	static
../Core/Src/main.c:490:13:MX_CAN_Init	8	static
../Core/Src/main.c:527:13:MX_I2C1_Init	8	static
../Core/Src/main.c:561:13:MX_TIM1_Init	96	static
../Core/Src/main.c:644:13:MX_TIM2_Init	32	static
../Core/Src/main.c:689:13:MX_TIM3_Init	32	static
../Core/Src/main.c:734:13:MX_TIM4_Init	32	static
../Core/Src/main.c:779:13:MX_GPIO_Init	40	static
../Core/Src/main.c:829:6:get_adc	8	static
../Core/Src/main.c:848:6:read_hall	8	static
../Core/Src/main.c:880:6:bldc_move	8	static
../Core/Src/main.c:984:6:bldc_move_back	8	static
../Core/Src/main.c:1088:6:delay_us	16	static
../Core/Src/main.c:1093:6:send_can_pos	24	static
../Core/Src/main.c:1113:6:send_can_vel	8	static
../Core/Src/main.c:1152:6:HAL_TIM_PeriodElapsedCallback	16	static
../Core/Src/main.c:1172:6:HAL_CAN_RxFifo0MsgPendingCallback	16	static
../Core/Src/main.c:1182:6:Error_Handler	4	static,ignoring_inline_asm
